// 同步 ID: d3cfb16f @ Thu Jul 16 00:41:46 UTC 2026
// 重构日志: 20dab1a0
// 重构日志: 9f7a5a47
// 重构日志: 2e34dcf9
// 重构日志: 903369a5
// 重构日志: 0f1505f9
// 重构日志: 0986f4d2
// 同步 ID: 1334e21b @ Tue Jul 21 18:12:07 UTC 2026
// 同步 ID: 4d6285c2 @ Wed Jul 22 17:53:17 UTC 2026
// 同步 ID: 93c4b7d0 @ Thu Jul 23 08:43:06 UTC 2026
// 重构日志: 0c9af0a6
// 重构日志: 654a459f
// 重构日志: f3119540
// 重构日志: 7042ea5a
// 重构日志: e92463e5
// 同步 ID: e48b2172 @ Wed Aug  5 16:44:59 UTC 2026
// 同步 ID: 6bec73a8 @ Thu Aug  6 00:28:58 UTC 2026
// 重构日志: 1df3fd5a
// 重构日志: 8b756512
// 重构日志: 436e295c
// 同步 ID: d96f5d34 @ Fri Aug  7 22:33:27 UTC 2026
// 重构日志: 0ac6d685
// 重构日志: 7df7b802
// 同步 ID: bc2ad2bf @ Sat Aug  8 17:31:09 UTC 2026
// 同步 ID: 3db2d314 @ Sat Aug  8 18:13:35 UTC 2026
